---
source: backend/tests/snapshot_tests.rs
expression: supplier
---
{
  "address": "1000 N Main St, Mansfield, TX",
  "comment": "Major electronics distributor",
  "datetimeAdded": "2024-01-01T00:00:00Z",
  "emailAddress": "sales@mouser.com",
  "faxNumber": "",
  "id": 1,
  "lastModified": "2024-01-01T00:00:00Z",
  "name": "Mouser Electronics",
  "parentId": null,
  "phoneNumber": "+1-800-346-6873",
  "shippingCosts": 5.99,
  "website": "https://www.mouser.com"
}
