---
source: backend/tests/snapshot_tests.rs
expression: category
---
{
  "comment": "All types of resistors",
  "datetime_added": "2024-01-01T00:00:00Z",
  "default_comment": "",
  "default_description": "Resistor component",
  "disable_autodatasheets": false,
  "disable_footprints": false,
  "disable_manufacturers": false,
  "disable_properties": false,
  "id": 1,
  "last_modified": "2024-01-01T00:00:00Z",
  "name": "Resistors",
  "parent_id": null,
  "partname_hint": "R-",
  "partname_regex": "^R-.*$"
}
