---
source: backend/tests/snapshot_tests.rs
expression: part
---
{
  "comment": "Common pull-up resistor",
  "datetimeAdded": "2024-01-15T10:30:00Z",
  "description": "10k Ohm 1/4W resistor",
  "favorite": false,
  "id": 1,
  "idCategory": 5,
  "idFootprint": 12,
  "idManufacturer": 3,
  "ipn": "R-10K-025W",
  "lastModified": "2024-01-20T14:45:00Z",
  "manufacturerProductNumber": "RC0402FR-0710KL",
  "manufacturerProductUrl": "https://example.com/product",
  "mass": 0.1,
  "minamount": 100.0,
  "name": "Test Resistor",
  "needsReview": false,
  "tags": "resistor,passive",
  "visible": true
}
