---
source: backend/tests/snapshot_tests.rs
expression: category
---
{
  "comment": "All types of resistors",
  "datetimeAdded": "2024-01-01T00:00:00Z",
  "defaultComment": "",
  "defaultDescription": "Resistor component",
  "disableAutodatasheets": false,
  "disableFootprints": false,
  "disableManufacturers": false,
  "disableProperties": false,
  "id": 1,
  "lastModified": "2024-01-01T00:00:00Z",
  "name": "Resistors",
  "parentId": null,
  "partnameHint": "R-",
  "partnameRegex": "^R-.*$"
}
