---
source: backend/tests/snapshot_tests.rs
expression: manufacturer
---
{
  "address": "Dallas, TX, USA",
  "comment": "Major semiconductor manufacturer",
  "datetimeAdded": "2024-01-01T00:00:00Z",
  "emailAddress": "support@ti.com",
  "faxNumber": "",
  "id": 1,
  "lastModified": "2024-01-01T00:00:00Z",
  "name": "Texas Instruments",
  "parentId": null,
  "phoneNumber": "+1-800-336-5236",
  "website": "https://www.ti.com"
}
