---
source: backend/tests/snapshot_tests.rs
expression: user
---
{
  "configTheme": "dark",
  "datetimeAdded": "2024-01-01T00:00:00Z",
  "disabled": false,
  "email": "admin@example.com",
  "firstName": "Admin",
  "id": 1,
  "lastModified": "2024-01-01T00:00:00Z",
  "lastName": "User",
  "name": "admin"
}
